digraph
{
    node1 [ label = <<b>label</b>>, shape = plain ]
}
