digraph
{
    a -> b
    a -> b:c
    a -> b:portName
    a -> b:portName:c
    a -> b
}
