digraph
{
    node1 [ label = "field1 | field2", shape = record ]
}
