digraph
{
    n1 -> n2 [ style = "bold, dashed, invis" ]
}
