digraph
{
    style = "bold, dotted, invis, rounded, striped"
}
