<table id="tableId"><tr><td id="cellId1"></td><td id="cellId2">cell2</td><td id="cellId2">cell2<br align="LEFT"/></td><td id="cell3"><font color="red" face="Arial" point-size="10">cell3</font></td><td id="cell3"><font color="red" face="Arial" point-size="10">cell3<br align="CENTER"/></font></td><td id="cell4"><b>cell4</b></td><td id="cell4"><b>cell4<br align="RIGHT"/></b></td><td id="cell5"><font color="red" face="Arial" point-size="10"><b>cell5</b></font></td><td id="cell5"><font color="red" face="Arial" point-size="10"><b>cell5<br align="RIGHT"/></b></font></td><td id="customId"><custom></custom></td><vr/><td id="img-cell"><img scale="FALSE" src="image.png"/></td><td id="cell6"><table id="table-in-cell6"></table></td></tr><hr/></table>
