digraph
{
    node1 [ fillcolor = "red:blue", style = striped ]
    node2 [ fillcolor = "red:blue", style = striped ]
}
