digraph
{
    node1, node2 [ fillcolor = "red:blue", style = striped ]
    node3, node4 [ fillcolor = "red:blue", style = striped ]
}
