digraph
{
    node1 [ fillcolor = "red:blue", style = wedged ]
    node2 [ fillcolor = "red:blue", style = wedged ]
}
