digraph
{
    node1, node2 [ fillcolor = "red:blue", style = wedged ]
    node3, node4 [ fillcolor = "red:blue", style = wedged ]
}
