digraph
{
    subgraph c1
    {
        cluster = false
    }
}
