digraph
{
    subgraph "cluster c1"
    {
        cluster = false
    }
}
