digraph
{
    subgraph "cluster c1"
    {
        n1

        color = red

        n2
    }
}
