digraph
{
    compound = true

    subgraph c1
    {
        cluster = true

        n2
    }

    n1 -> n2 [ lhead = c1 ]
}
