digraph
{
    compound = true

    subgraph "cluster c1"
    {
        n2
    }

    n1 -> n2 [ lhead = "cluster c1" ]
}
